5
5
10
1
5
0 5 0 6 2
0 0 3 4 0
1 0 0 6 9
7 1 0 0 10
9 0 9 0 0
12
8 pac 0 org 4 dst 0
12 pac 1 org 1 dst 3
16 pac 2 org 2 dst 1
19 pac 3 org 3 dst 4
20 pac 4 org 4 dst 3
23 pac 5 org 4 dst 3
25 pac 6 org 1 dst 4
30 pac 7 org 2 dst 3
30 pac 8 org 2 dst 1
37 pac 9 org 1 dst 3
42 pac 10 org 1 dst 2
43 pac 11 org 3 dst 4
